[INFO] Scanning for projects...
[INFO] 
[INFO] ----------------< com.campustrash:campus-trash-server >-----------------
[INFO] Building campus-trash-server 1.0.0
[INFO]   from pom.xml
[INFO] --------------------------------[ jar ]---------------------------------
[INFO] 
[INFO] >>> spring-boot:3.2.1:run (default-cli) > test-compile @ campus-trash-server >>>
[INFO] 
[INFO] --- resources:3.3.1:resources (default-resources) @ campus-trash-server ---
[INFO] Copying 1 resource from src\main\resources to target\classes
[INFO] Copying 0 resource from src\main\resources to target\classes
[INFO] 
[INFO] --- compiler:3.11.0:compile (default-compile) @ campus-trash-server ---
[INFO] Nothing to compile - all classes are up to date
[INFO] 
[INFO] --- resources:3.3.1:testResources (default-testResources) @ campus-trash-server ---
[INFO] Copying 1 resource from src\test\resources to target\test-classes
[INFO] 
[INFO] --- compiler:3.11.0:testCompile (default-testCompile) @ campus-trash-server ---
[INFO] Nothing to compile - all classes are up to date
[INFO] 
[INFO] <<< spring-boot:3.2.1:run (default-cli) < test-compile @ campus-trash-server <<<
[INFO] 
[INFO] 
[INFO] --- spring-boot:3.2.1:run (default-cli) @ campus-trash-server ---
[INFO] Attaching agents: []

  .   ____          _            __ _ _
 /\\ / ___'_ __ _ _(_)_ __  __ _ \ \ \ \
( ( )\___ | '_ | '_| | '_ \/ _` | \ \ \ \
 \\/  ___)| |_)| | | | | || (_| |  ) ) ) )
  '  |____| .__|_| |_|_| |_\__, | / / / /
 =========|_|==============|___/=/_/_/_/
 :: Spring Boot ::                (v3.2.1)

2026-05-29T09:24:39.404+08:00  INFO 11640 --- [           main] com.campustrash.CampusTrashApplication   : Starting CampusTrashApplication using Java 25.0.1 with PID 11640 (D:\demoxiaoyuanershou\server-java\target\classes started by fanyi in D:\demoxiaoyuanershou\server-java)
2026-05-29T09:24:39.407+08:00  INFO 11640 --- [           main] com.campustrash.CampusTrashApplication   : No active profile set, falling back to 1 default profile: "default"
2026-05-29T09:24:40.239+08:00  INFO 11640 --- [           main] .s.d.r.c.RepositoryConfigurationDelegate : Bootstrapping Spring Data JPA repositories in DEFAULT mode.
2026-05-29T09:24:40.320+08:00  INFO 11640 --- [           main] .s.d.r.c.RepositoryConfigurationDelegate : Finished Spring Data repository scanning in 69 ms. Found 4 JPA repository interfaces.
WARNING: A restricted method in java.lang.System has been called
WARNING: java.lang.System::load has been called by org.apache.tomcat.jni.Library in an unnamed module (file:/D:/develop/apache-maven-3.9.16-bin/apache-maven-3.9.16/mvn_repo/org/apache/tomcat/embed/tomcat-embed-core/10.1.17/tomcat-embed-core-10.1.17.jar)
WARNING: Use --enable-native-access=ALL-UNNAMED to avoid a warning for callers in this module
WARNING: Restricted methods will be blocked in a future release unless native access is enabled

2026-05-29T09:24:41.021+08:00  INFO 11640 --- [           main] o.s.b.w.embedded.tomcat.TomcatWebServer  : Tomcat initialized with port 3000 (http)
2026-05-29T09:24:41.037+08:00  INFO 11640 --- [           main] o.apache.catalina.core.StandardService   : Starting service [Tomcat]
2026-05-29T09:24:41.038+08:00  INFO 11640 --- [           main] o.apache.catalina.core.StandardEngine    : Starting Servlet engine: [Apache Tomcat/10.1.17]
2026-05-29T09:24:41.184+08:00  INFO 11640 --- [           main] o.a.c.c.C.[Tomcat].[localhost].[/]       : Initializing Spring embedded WebApplicationContext
2026-05-29T09:24:41.185+08:00  INFO 11640 --- [           main] w.s.c.ServletWebServerApplicationContext : Root WebApplicationContext: initialization completed in 1721 ms
2026-05-29T09:24:41.424+08:00  INFO 11640 --- [           main] o.hibernate.jpa.internal.util.LogHelper  : HHH000204: Processing PersistenceUnitInfo [name: default]
2026-05-29T09:24:41.520+08:00  INFO 11640 --- [           main] org.hibernate.Version                    : HHH000412: Hibernate ORM core version 6.4.1.Final
2026-05-29T09:24:41.574+08:00  INFO 11640 --- [           main] o.h.c.internal.RegionFactoryInitiator    : HHH000026: Second-level cache disabled
2026-05-29T09:24:41.944+08:00  INFO 11640 --- [           main] o.s.o.j.p.SpringPersistenceUnitInfo      : No LoadTimeWeaver setup: ignoring JPA class transformer
2026-05-29T09:24:41.982+08:00  INFO 11640 --- [           main] com.zaxxer.hikari.HikariDataSource       : HikariPool-1 - Starting...
2026-05-29T09:24:42.693+08:00  INFO 11640 --- [           main] com.zaxxer.hikari.pool.HikariPool        : HikariPool-1 - Added connection com.mysql.cj.jdbc.ConnectionImpl@3e8b8f0
2026-05-29T09:24:42.698+08:00  INFO 11640 --- [           main] com.zaxxer.hikari.HikariDataSource       : HikariPool-1 - Start completed.
2026-05-29T09:24:42.786+08:00  WARN 11640 --- [           main] org.hibernate.orm.deprecation            : HHH90000025: MySQLDialect does not need to be specified explicitly using 'hibernate.dialect' (remove the property setting and it will be selected by default)
2026-05-29T09:24:44.098+08:00  INFO 11640 --- [           main] o.h.e.t.j.p.i.JtaPlatformInitiator       : HHH000489: No JTA platform available (set 'hibernate.transaction.jta.platform' to enable JTA platform integration)
2026-05-29T09:24:44.175+08:00  INFO 11640 --- [           main] j.LocalContainerEntityManagerFactoryBean : Initialized JPA EntityManagerFactory for persistence unit 'default'
2026-05-29T09:24:44.641+08:00  INFO 11640 --- [           main] o.s.d.j.r.query.QueryEnhancerFactory     : Hibernate is in classpath; If applicable, HQL parser will be used.
2026-05-29T09:24:45.246+08:00  WARN 11640 --- [           main] JpaBaseConfiguration$JpaWebConfiguration : spring.jpa.open-in-view is enabled by default. Therefore, database queries may be performed during view rendering. Explicitly configure spring.jpa.open-in-view to disable this warning
2026-05-29T09:24:45.271+08:00  WARN 11640 --- [           main] .s.s.UserDetailsServiceAutoConfiguration : 

Using generated security password: c1dda71d-c41d-4175-b9ef-8f443b6a46ed

This generated password is for development use only. Your security configuration must be updated before running your application in production.

2026-05-29T09:24:45.616+08:00  INFO 11640 --- [           main] o.s.s.web.DefaultSecurityFilterChain     : Will secure any request with [org.springframework.security.web.session.DisableEncodeUrlFilter@4f7bc9a3, org.springframework.security.web.context.request.async.WebAsyncManagerIntegrationFilter@544faa01, org.springframework.security.web.context.SecurityContextHolderFilter@2e8417ea, org.springframework.security.web.header.HeaderWriterFilter@3220ffb, org.springframework.web.filter.CorsFilter@ebe067d, org.springframework.security.web.authentication.logout.LogoutFilter@517d68b8, com.campustrash.security.JwtAuthenticationFilter@6a916402, org.springframework.security.web.savedrequest.RequestCacheAwareFilter@67726dd1, org.springframework.security.web.servletapi.SecurityContextHolderAwareRequestFilter@45c270f9, org.springframework.security.web.authentication.AnonymousAuthenticationFilter@cf933b1, org.springframework.security.web.session.SessionManagementFilter@4676fcd9, org.springframework.security.web.access.ExceptionTranslationFilter@7a7fdc1a, org.springframework.security.web.access.intercept.AuthorizationFilter@27879518]
2026-05-29T09:24:45.883+08:00  INFO 11640 --- [           main] o.s.b.w.embedded.tomcat.TomcatWebServer  : Tomcat started on port 3000 (http) with context path ''
2026-05-29T09:24:45.895+08:00  INFO 11640 --- [           main] com.campustrash.CampusTrashApplication   : Started CampusTrashApplication in 7.026 seconds (process running for 7.515)
管理员账号已存在，跳过
2026-05-29T09:39:17.504+08:00  INFO 11640 --- [nio-3000-exec-2] o.a.c.c.C.[Tomcat].[localhost].[/]       : Initializing Spring DispatcherServlet 'dispatcherServlet'
2026-05-29T09:39:17.504+08:00  INFO 11640 --- [nio-3000-exec-2] o.s.web.servlet.DispatcherServlet        : Initializing Servlet 'dispatcherServlet'
2026-05-29T09:39:17.508+08:00  INFO 11640 --- [nio-3000-exec-2] o.s.web.servlet.DispatcherServlet        : Completed initialization in 0 ms
